------------------------------------------------------------
TimeQuest Timing Analyzer Summary
------------------------------------------------------------

Type  : Slow 1200mV 85C Model Setup 'pll_ref|altpll_component|auto_generated|pll1|clk[1]'
Slack : -5.338
TNS   : -207.818

Type  : Slow 1200mV 85C Model Setup 'u6|altpll_component|auto_generated|pll1|clk[0]'
Slack : 3.336
TNS   : 0.000

Type  : Slow 1200mV 85C Model Setup 'CLOCK2_50'
Slack : 13.161
TNS   : 0.000

Type  : Slow 1200mV 85C Model Setup 'pll_ref|altpll_component|auto_generated|pll1|clk[0]'
Slack : 43.432
TNS   : 0.000

Type  : Slow 1200mV 85C Model Hold 'u6|altpll_component|auto_generated|pll1|clk[0]'
Slack : 0.350
TNS   : 0.000

Type  : Slow 1200mV 85C Model Hold 'pll_ref|altpll_component|auto_generated|pll1|clk[1]'
Slack : 0.368
TNS   : 0.000

Type  : Slow 1200mV 85C Model Hold 'CLOCK2_50'
Slack : 0.402
TNS   : 0.000

Type  : Slow 1200mV 85C Model Hold 'pll_ref|altpll_component|auto_generated|pll1|clk[0]'
Slack : 0.402
TNS   : 0.000

Type  : Slow 1200mV 85C Model Recovery 'pll_ref|altpll_component|auto_generated|pll1|clk[1]'
Slack : -4.597
TNS   : -763.733

Type  : Slow 1200mV 85C Model Recovery 'u6|altpll_component|auto_generated|pll1|clk[0]'
Slack : 3.920
TNS   : 0.000

Type  : Slow 1200mV 85C Model Removal 'pll_ref|altpll_component|auto_generated|pll1|clk[1]'
Slack : 1.774
TNS   : 0.000

Type  : Slow 1200mV 85C Model Removal 'u6|altpll_component|auto_generated|pll1|clk[0]'
Slack : 4.337
TNS   : 0.000

Type  : Slow 1200mV 85C Model Minimum Pulse Width 'u6|altpll_component|auto_generated|pll1|clk[0]'
Slack : 4.691
TNS   : 0.000

Type  : Slow 1200mV 85C Model Minimum Pulse Width 'CLOCK2_50'
Slack : 9.643
TNS   : 0.000

Type  : Slow 1200mV 85C Model Minimum Pulse Width 'CLOCK3_50'
Slack : 16.000
TNS   : 0.000

Type  : Slow 1200mV 85C Model Minimum Pulse Width 'CLOCK_50'
Slack : 16.000
TNS   : 0.000

Type  : Slow 1200mV 85C Model Minimum Pulse Width 'pll_ref|altpll_component|auto_generated|pll1|clk[1]'
Slack : 19.538
TNS   : 0.000

Type  : Slow 1200mV 85C Model Minimum Pulse Width 'pll_ref|altpll_component|auto_generated|pll1|clk[0]'
Slack : 24.701
TNS   : 0.000

Type  : Slow 1200mV 0C Model Setup 'pll_ref|altpll_component|auto_generated|pll1|clk[1]'
Slack : -4.863
TNS   : -188.601

Type  : Slow 1200mV 0C Model Setup 'u6|altpll_component|auto_generated|pll1|clk[0]'
Slack : 3.975
TNS   : 0.000

Type  : Slow 1200mV 0C Model Setup 'CLOCK2_50'
Slack : 13.769
TNS   : 0.000

Type  : Slow 1200mV 0C Model Setup 'pll_ref|altpll_component|auto_generated|pll1|clk[0]'
Slack : 43.984
TNS   : 0.000

Type  : Slow 1200mV 0C Model Hold 'pll_ref|altpll_component|auto_generated|pll1|clk[1]'
Slack : 0.338
TNS   : 0.000

Type  : Slow 1200mV 0C Model Hold 'u6|altpll_component|auto_generated|pll1|clk[0]'
Slack : 0.349
TNS   : 0.000

Type  : Slow 1200mV 0C Model Hold 'CLOCK2_50'
Slack : 0.353
TNS   : 0.000

Type  : Slow 1200mV 0C Model Hold 'pll_ref|altpll_component|auto_generated|pll1|clk[0]'
Slack : 0.353
TNS   : 0.000

Type  : Slow 1200mV 0C Model Recovery 'pll_ref|altpll_component|auto_generated|pll1|clk[1]'
Slack : -4.078
TNS   : -674.436

Type  : Slow 1200mV 0C Model Recovery 'u6|altpll_component|auto_generated|pll1|clk[0]'
Slack : 4.589
TNS   : 0.000

Type  : Slow 1200mV 0C Model Removal 'pll_ref|altpll_component|auto_generated|pll1|clk[1]'
Slack : 1.588
TNS   : 0.000

Type  : Slow 1200mV 0C Model Removal 'u6|altpll_component|auto_generated|pll1|clk[0]'
Slack : 3.835
TNS   : 0.000

Type  : Slow 1200mV 0C Model Minimum Pulse Width 'u6|altpll_component|auto_generated|pll1|clk[0]'
Slack : 4.685
TNS   : 0.000

Type  : Slow 1200mV 0C Model Minimum Pulse Width 'CLOCK2_50'
Slack : 9.633
TNS   : 0.000

Type  : Slow 1200mV 0C Model Minimum Pulse Width 'CLOCK3_50'
Slack : 16.000
TNS   : 0.000

Type  : Slow 1200mV 0C Model Minimum Pulse Width 'CLOCK_50'
Slack : 16.000
TNS   : 0.000

Type  : Slow 1200mV 0C Model Minimum Pulse Width 'pll_ref|altpll_component|auto_generated|pll1|clk[1]'
Slack : 19.533
TNS   : 0.000

Type  : Slow 1200mV 0C Model Minimum Pulse Width 'pll_ref|altpll_component|auto_generated|pll1|clk[0]'
Slack : 24.703
TNS   : 0.000

Type  : Fast 1200mV 0C Model Setup 'pll_ref|altpll_component|auto_generated|pll1|clk[1]'
Slack : -2.542
TNS   : -99.025

Type  : Fast 1200mV 0C Model Setup 'u6|altpll_component|auto_generated|pll1|clk[0]'
Slack : 6.479
TNS   : 0.000

Type  : Fast 1200mV 0C Model Setup 'CLOCK2_50'
Slack : 16.461
TNS   : 0.000

Type  : Fast 1200mV 0C Model Setup 'pll_ref|altpll_component|auto_generated|pll1|clk[0]'
Slack : 46.792
TNS   : 0.000

Type  : Fast 1200mV 0C Model Hold 'u6|altpll_component|auto_generated|pll1|clk[0]'
Slack : 0.141
TNS   : 0.000

Type  : Fast 1200mV 0C Model Hold 'pll_ref|altpll_component|auto_generated|pll1|clk[1]'
Slack : 0.157
TNS   : 0.000

Type  : Fast 1200mV 0C Model Hold 'pll_ref|altpll_component|auto_generated|pll1|clk[0]'
Slack : 0.180
TNS   : 0.000

Type  : Fast 1200mV 0C Model Hold 'CLOCK2_50'
Slack : 0.181
TNS   : 0.000

Type  : Fast 1200mV 0C Model Recovery 'pll_ref|altpll_component|auto_generated|pll1|clk[1]'
Slack : -2.379
TNS   : -395.986

Type  : Fast 1200mV 0C Model Recovery 'u6|altpll_component|auto_generated|pll1|clk[0]'
Slack : 6.743
TNS   : 0.000

Type  : Fast 1200mV 0C Model Removal 'pll_ref|altpll_component|auto_generated|pll1|clk[1]'
Slack : 0.900
TNS   : 0.000

Type  : Fast 1200mV 0C Model Removal 'u6|altpll_component|auto_generated|pll1|clk[0]'
Slack : 2.277
TNS   : 0.000

Type  : Fast 1200mV 0C Model Minimum Pulse Width 'u6|altpll_component|auto_generated|pll1|clk[0]'
Slack : 4.752
TNS   : 0.000

Type  : Fast 1200mV 0C Model Minimum Pulse Width 'CLOCK2_50'
Slack : 9.272
TNS   : 0.000

Type  : Fast 1200mV 0C Model Minimum Pulse Width 'CLOCK3_50'
Slack : 16.000
TNS   : 0.000

Type  : Fast 1200mV 0C Model Minimum Pulse Width 'CLOCK_50'
Slack : 16.000
TNS   : 0.000

Type  : Fast 1200mV 0C Model Minimum Pulse Width 'pll_ref|altpll_component|auto_generated|pll1|clk[1]'
Slack : 19.611
TNS   : 0.000

Type  : Fast 1200mV 0C Model Minimum Pulse Width 'pll_ref|altpll_component|auto_generated|pll1|clk[0]'
Slack : 24.774
TNS   : 0.000

------------------------------------------------------------
